// Jest Snapshot v1, https://goo.gl/fbAQLP

exports[`themeprovider renders with provider 1`] = `
<div>
  test
</div>
`;
